2026-02-10 17:49:33,947 - INFO - Starting test: Product purchase flow
2026-02-10 17:49:33,948 - INFO - Logging into application
2026-02-10 17:49:33,948 - INFO - Navigating to login page
2026-02-10 17:49:38,804 - INFO - Entering login credentials
2026-02-10 17:49:39,388 - INFO - Clicking login button
2026-02-10 17:49:49,611 - INFO - Ad closed
2026-02-10 17:49:49,616 - INFO - Login successful
2026-02-10 17:49:49,617 - INFO - Verifying login success
2026-02-10 17:49:49,628 - INFO - Verifying page title: Automation Exercise
2026-02-10 17:49:49,628 - INFO - Selecting products
2026-02-10 17:49:49,629 - INFO - Starting product selection flow
2026-02-10 17:49:50,401 - INFO - Ad closed
2026-02-10 17:49:52,230 - INFO - Ad closed
2026-02-10 17:49:58,887 - INFO - Navigated to Kids category
2026-02-10 17:50:02,512 - INFO - Selected Dress category
2026-02-10 17:50:07,201 - INFO - Product added to cart
2026-02-10 17:50:13,447 - INFO - Proceeded to checkout
2026-02-10 17:50:13,448 - INFO - Entering card details
2026-02-10 17:50:13,658 - INFO - No ad present — continuing test
2026-02-10 17:50:13,659 - INFO - Entering card details
2026-02-10 17:50:17,716 - INFO - Payment submitted successfully
2026-02-10 17:50:17,716 - INFO - Verifying order confirmation
2026-02-10 17:50:18,164 - INFO - No ad present — continuing test
2026-02-10 17:50:18,164 - INFO - Verifying order placement
2026-02-10 17:50:18,217 - INFO - Order message displayed: ORDER PLACED!
2026-02-10 17:50:18,823 - INFO - Invoice downloaded
2026-02-10 17:50:18,823 - INFO - Test completed successfully
