2026-02-08 19:19:56,615 - INFO - click on login button an wait for 5 second
2026-02-08 19:19:57,151 - INFO - Ad closed
2026-02-08 19:19:57,155 - INFO - product selection method start
2026-02-08 19:19:57,795 - INFO - Ad closed
2026-02-08 19:20:00,775 - INFO - Ad closed
2026-02-08 19:21:05,425 - INFO - before move to kis tab
2026-02-08 19:21:05,472 - INFO - yes move to kis tab
2026-02-08 19:21:05,712 - INFO - click on kids tab
2026-02-08 19:21:56,482 - INFO - before click on cart tap
2026-02-08 19:22:38,883 - INFO - yes click on cart tap
2026-02-08 19:23:10,246 - INFO - click on sign in tab and wait for 5 sec
2026-02-08 19:23:13,733 - INFO - No ad present — continuing test
2026-02-08 19:23:13,733 - INFO - card verification method start 
2026-02-08 19:23:13,765 - INFO - wait  until payment page not visible
2026-02-08 19:23:13,911 - INFO - entered name of card
2026-02-08 19:23:14,709 - INFO - click on submit button
2026-02-08 19:23:22,436 - INFO - No ad present — continuing test
2026-02-08 19:23:22,436 - INFO - order verification process start 
2026-02-08 19:23:22,648 - INFO - success message: ORDER PLACED!
2026-02-08 19:23:25,124 - INFO - download invoice
