2026-02-17 09:56:51,652 - INFO - Starting test: Product purchase flow
2026-02-17 09:56:51,653 - INFO - Logging into application
2026-02-17 09:56:51,654 - INFO - Navigating to login page
2026-02-17 09:56:51,654 - INFO - clicking on element: ('xpath', '/html[1]/body[1]/header[1]/div[1]/div[1]/div[1]/div[2]/div[1]/ul[1]/li[4]/a[1]')
2026-02-17 09:57:35,414 - INFO - Entering login credentials
2026-02-17 09:57:35,414 - INFO - Entering text: ashish@outlook.com in to element: ('xpath', '/html[1]/body[1]/section[1]/div[1]/div[1]/div[1]/div[1]/form[1]/input[2]')
2026-02-17 09:57:35,649 - INFO - Entering text: ashish123 in to element: ('xpath', '/html[1]/body[1]/section[1]/div[1]/div[1]/div[1]/div[1]/form[1]/input[3]')
2026-02-17 09:57:35,771 - INFO - Clicking login button
2026-02-17 09:57:35,771 - INFO - clicking on element: ('xpath', '/html[1]/body[1]/section[1]/div[1]/div[1]/div[1]/div[1]/form[1]/button[1]')
2026-02-17 09:58:20,725 - INFO - Ad closed
2026-02-17 09:58:20,728 - INFO - Login successful
2026-02-17 09:58:20,728 - INFO - Verifying login success
2026-02-17 09:58:20,735 - INFO - Verifying page title: Automation Exercise
2026-02-17 09:58:20,735 - INFO - Selecting products
2026-02-17 09:58:20,735 - INFO - Starting product selection flow
2026-02-17 09:58:21,274 - INFO - Ad closed
2026-02-17 09:58:21,303 - INFO - clicking on element: ('xpath', '/html[1]/body[1]/header[1]/div[1]/div[1]/div[1]/div[2]/div[1]/ul[1]/li[2]/a[1]')
2026-02-17 09:58:22,919 - INFO - Ad closed
2026-02-17 09:59:06,228 - INFO - clicking on element: ('xpath', '/html[1]/body[1]/section[2]/div[1]/div[1]/div[1]/div[1]/div[1]/div[3]/div[1]/h4[1]/a[1]')
2026-02-17 09:59:23,070 - INFO - Navigated to Kids category
2026-02-17 09:59:23,071 - INFO - clicking on element: ('xpath', '/html[1]/body[1]/section[2]/div[1]/div[1]/div[1]/div[1]/div[1]/div[3]/div[2]/div[1]/ul[1]/li[1]/a[1]')
2026-02-17 10:00:11,288 - INFO - Selected Dress category
2026-02-17 10:00:11,317 - INFO - clicking on element: ('xpath', '/html[1]/body[1]/section[1]/div[1]/div[2]/div[2]/div[1]/div[2]/div[1]/div[2]/ul[1]/li[1]/a[1]')
2026-02-17 10:00:55,438 - INFO - clicking on element: ('xpath', '/html[1]/body[1]/section[1]/div[1]/div[1]/div[2]/div[2]/div[2]/div[1]/span[1]/button[1]')
2026-02-17 10:00:55,645 - INFO - clicking on element: ('xpath', '/html[1]/body[1]/section[1]/div[1]/div[1]/div[2]/div[1]/div[1]/div[1]/div[3]/button[1]')
2026-02-17 10:00:58,045 - INFO - Product added to cart
2026-02-17 10:00:58,046 - INFO - clicking on element: ('xpath', '/html[1]/body[1]/header[1]/div[1]/div[1]/div[1]/div[2]/div[1]/ul[1]/li[3]/a[1]')
2026-02-17 10:01:41,212 - INFO - clicking on element: ('xpath', '/html[1]/body[1]/section[1]/div[1]/section[1]/div[1]/div[1]/div[1]/a[1]')
2026-02-17 10:02:25,839 - INFO - clicking on element: ('xpath', '/html[1]/body[1]/section[1]/div[1]/div[7]/a[1]')
2026-02-17 10:03:10,040 - INFO - Proceeded to checkout
2026-02-17 10:03:10,040 - INFO - Entering card details
2026-02-17 10:03:10,530 - INFO - No ad present — continuing test
2026-02-17 10:03:10,531 - INFO - Entering card details
2026-02-17 10:03:10,569 - INFO - Entering text: Neha Seth in to element: ('xpath', "//input[@name='name_on_card']")
2026-02-17 10:03:10,819 - INFO - Entering text: 111144443333 in to element: ('xpath', "//input[@name='card_number']")
2026-02-17 10:03:11,045 - INFO - Entering text: 123 in to element: ('xpath', "//input[@name='cvc']")
2026-02-17 10:03:11,183 - INFO - Entering text: 12 in to element: ('xpath', "//input[@name='expiry_month']")
2026-02-17 10:03:11,332 - INFO - Entering text: 2032 in to element: ('xpath', "//input[@name='expiry_year']")
2026-02-17 10:03:11,550 - INFO - clicking on element: ('xpath', "//button[@id='submit']")
2026-02-17 10:03:11,734 - INFO - Payment submitted successfully
2026-02-17 10:03:11,734 - INFO - Verifying order confirmation
2026-02-17 10:03:57,202 - INFO - No ad present — continuing test
2026-02-17 10:03:57,203 - INFO - Verifying order placement
2026-02-17 10:03:57,273 - INFO - Order message displayed: ORDER PLACED!
2026-02-17 10:03:57,273 - INFO - clicking on element: ('xpath', '/html[1]/body[1]/section[1]/div[1]/div[1]/div[1]/a[1]')
2026-02-17 10:03:58,947 - INFO - Invoice downloaded
2026-02-17 10:03:58,948 - INFO - Test completed successfully
