2026-02-09 19:35:51,195 - INFO - click on login button an wait for 5 second
2026-02-09 19:35:52,162 - INFO - Ad closed
2026-02-09 19:35:52,167 - INFO - product selection method start
2026-02-09 19:35:52,778 - INFO - Ad closed
2026-02-09 19:35:57,387 - INFO - Ad closed
2026-02-09 19:36:13,850 - INFO - before move to kis tab
2026-02-09 19:36:13,929 - INFO - yes move to kis tab
2026-02-09 19:36:14,543 - INFO - click on kids tab
2026-02-09 19:36:36,334 - INFO - before click on cart tap
2026-02-09 19:36:38,887 - INFO - yes click on cart tap
2026-02-09 19:36:45,524 - INFO - click on sign in tab and wait for 5 sec
2026-02-09 19:36:48,866 - INFO - No ad present — continuing test
2026-02-09 19:36:48,866 - INFO - card verification method start 
2026-02-09 19:36:48,891 - INFO - wait  until payment page not visible
2026-02-09 19:36:49,015 - INFO - entered name of card
2026-02-09 19:36:49,733 - INFO - click on submit button
2026-02-09 19:36:54,538 - INFO - No ad present — continuing test
2026-02-09 19:36:54,539 - INFO - order verification process start 
2026-02-09 19:36:54,646 - INFO - success message: ORDER PLACED!
2026-02-09 19:36:55,561 - INFO - download invoice
